/home/wally/stories/ai-story-twitter-bot/.venv/lib/python3.10/site-packages/pytest_asyncio/plugin.py:207: PytestDeprecationWarning: The configuration option "asyncio_default_fixture_loop_scope" is unset.
The event loop scope for asynchronous fixtures will default to the fixture caching scope. Future versions of pytest-asyncio will default the loop scope for asynchronous fixtures to function scope. Set the default fixture loop scope explicitly in order to avoid unexpected behavior in the future. Valid fixture loop scopes are: "function", "class", "module", "package", "session"

  warnings.warn(PytestDeprecationWarning(_DEFAULT_FIXTURE_LOOP_SCOPE_UNSET))
============================= test session starts ==============================
platform linux -- Python 3.10.12, pytest-8.3.5, pluggy-1.5.0
rootdir: /home/wally/stories/ai-story-twitter-bot
configfile: pyproject.toml
plugins: asyncio-0.25.3
asyncio: mode=auto, asyncio_default_fixture_loop_scope=None
collected 2 items

tests/test_google_apis.py .

!!!!!!!!!!!!!!!!!!!!!!!!!!!!!! KeyboardInterrupt !!!!!!!!!!!!!!!!!!!!!!!!!!!!!!!
src/python/grpcio/grpc/_cython/_cygrpc/completion_queue.pyx.pxi:42: KeyboardInterrupt
(to show a full traceback on KeyboardInterrupt use --full-trace)
============================== 1 passed in 3.07s ===============================
